// Jest Snapshot v1, https://goo.gl/fbAQLP

exports[`LandingLayout should match snapshot 1`] = `
<main>
  <header>
    header
  </header>
  <footer>
    footer
  </footer>
</main>
`;
